// Jest Snapshot v1, https://goo.gl/fbAQLP

exports[`Contact form renders correctly and matches snapshot 1`] = `
<div>
  <form>
    <fieldset
      aria-busy="false"
      data-testid="form-disabled"
    >
      <label
        for="name"
      >
        <span>
          Enter your name:
        </span>
        <span
          component="span"
          name="name"
        />
        <input
          id="name"
          name="name"
          placeholder="full name"
          type="text"
        />
      </label>
      <label
        for="email"
      >
        <span>
          Enter your email:
        </span>
        <span
          component="span"
          name="email"
        />
        <input
          id="email"
          name="email"
          placeholder="example@gmail.com"
          type="email"
        />
      </label>
      <label
        for="message"
      >
        <span>
          Enter a message:
        </span>
        <span
          component="span"
          name="message"
        />
        <textarea
          component="textarea"
          id="message"
          name="message"
          placeholder="type your message here"
        />
      </label>
      <button
        class="button button__primary"
        type="submit"
      >
        Submit
      </button>
    </fieldset>
  </form>
</div>
`;
